[2026-04-08 01:24:59] [25.0, 28.0] - 2 records
[2026-04-08 02:11:29] [25.0, 28.0] - 2 records
[25.0, 28.0]
[25.0, 28.0]
